  Determining projects to restore...
  All projects are up-to-date for restore.
D:\3rdYears CoueseWork\.Net Project\AD_Group3_Backend\Ad_Backend.Domain\Domain\Part.cs(14,12): error CS0246: The type or namespace name 'Vendor' could not be found (are you missing a using directive or an assembly reference?) [D:\3rdYears CoueseWork\.Net Project\AD_Group3_Backend\Ad_Backend.Domain\Ad_Backend.Domain.csproj]

Build FAILED.

D:\3rdYears CoueseWork\.Net Project\AD_Group3_Backend\Ad_Backend.Domain\Domain\Part.cs(14,12): error CS0246: The type or namespace name 'Vendor' could not be found (are you missing a using directive or an assembly reference?) [D:\3rdYears CoueseWork\.Net Project\AD_Group3_Backend\Ad_Backend.Domain\Ad_Backend.Domain.csproj]
    0 Warning(s)
    1 Error(s)

Time Elapsed 00:00:03.56
